[2026-05-16 22:25:11] Follow: 2 → 8
[2026-05-16 22:25:58] Friend request: 2 → 3
[2026-05-16 22:26:25] Friend declined: 2 → 3
[2026-05-16 22:29:19] Friend request: 2 → 6
[2026-05-16 23:46:34] Friend request: 10 → 9
[2026-05-16 23:50:27] Friend request: 2 → 9
[2026-05-17 00:04:58] Friend request: 9 → 8
[2026-05-17 00:05:13] Friend request cancelled: 9 → 8
[2026-05-17 00:05:28] Friend request: 9 → 7
[2026-05-17 00:05:36] Friend request cancelled: 9 → 7
[2026-05-17 00:05:48] Friend request: 9 → 6
[2026-05-17 00:06:05] Friend request cancelled: 9 → 6
[2026-05-17 00:09:44] Friend request cancelled: 2 → 9
[2026-05-17 00:10:02] Friend request: 2 → 9
[2026-05-17 00:10:22] Friend request cancelled: 2 → 9
[2026-05-17 00:10:37] Friend request: 2 → 9
[2026-05-17 00:11:00] Friend declined: 2 → 9
[2026-05-17 00:14:07] Friend request: 2 → 9
[2026-05-17 00:17:14] Friend request cancelled: 2 → 9
[2026-05-17 00:17:40] Friend request: 2 → 9
[2026-05-17 00:18:01] Friend request cancelled: 2 → 9
[2026-05-17 00:18:12] Friend request: 2 → 9
[2026-05-17 00:18:57] Friend request cancelled: 2 → 9
[2026-05-17 00:19:05] Friend request: 2 → 9
[2026-05-17 00:19:11] Friend request cancelled: 2 → 9
[2026-05-17 00:19:14] Friend request: 2 → 9
[2026-05-17 00:19:20] Friend request cancelled: 2 → 9
[2026-05-17 00:19:20] Friend request: 2 → 9
[2026-05-17 00:19:24] Friend request cancelled: 2 → 9
[2026-05-17 00:19:32] Friend request: 2 → 9
[2026-05-17 00:19:35] Friend request cancelled: 2 → 9
[2026-05-17 00:19:36] Friend request: 2 → 9
[2026-05-17 00:19:55] Friend request cancelled: 2 → 9
[2026-05-17 00:19:56] Friend request: 2 → 9
[2026-05-17 00:19:58] Friend request cancelled: 2 → 9
[2026-05-17 00:19:58] Friend request: 2 → 9
[2026-05-17 00:20:01] Friend request cancelled: 2 → 9
[2026-05-17 00:20:02] Friend request: 2 → 9
[2026-05-17 00:20:03] Friend request cancelled: 2 → 9
[2026-05-17 00:29:28] Friend declined: 10 → 9
[2026-05-17 00:29:58] Friend request: 9 → 7
[2026-05-17 00:30:44] Friend request cancelled: 9 → 7
[2026-05-17 00:31:04] Friend request cancelled: 2 → 6
[2026-05-17 00:31:07] Friend request: 2 → 9
[2026-05-17 00:37:14] Friend request cancelled: 2 → 9
[2026-05-17 01:26:42] Friend request: 9 → 2
[2026-05-17 01:44:59] Friend declined: 9 → 2
[2026-05-17 20:30:44] Friend request: 2 → 11
[2026-05-17 20:31:35] Friend accepted: 2 ↔ 11
[2026-05-17 20:53:10] Unfriended: 2 ↔ 11
[2026-05-17 20:53:28] Friend request: 2 → 11
[2026-05-17 20:53:38] Friend accepted: 2 ↔ 11
[2026-05-17 20:53:42] Unfriended: 11 ↔ 2
[2026-05-17 20:53:50] Friend request: 11 → 2
[2026-05-17 20:53:56] Friend accepted: 11 ↔ 2
[2026-05-17 20:54:16] Unfriended: 11 ↔ 2
[2026-05-17 20:54:22] Friend request: 11 → 2
[2026-05-17 20:54:43] Friend accepted: 11 ↔ 2
[2026-05-17 21:34:34] Unfriended: 2 ↔ 11
[2026-05-17 21:34:48] Friend request: 11 → 2
[2026-05-17 21:35:01] Friend request cancelled: 11 → 2
[2026-05-17 21:35:10] Friend request: 11 → 2
[2026-05-17 21:35:21] Friend accepted: 11 ↔ 2
